<?xml version="1.0" encoding="UTF-8"?>
<testsuites>
  <testsuite name="Tests\Feature\CesantiasServiceTest" file="C:\xampp\htdocs\Nomitech_Payroll\tests\Feature\CesantiasServiceTest.php" tests="5" assertions="0" errors="5" failures="0" skipped="0" time="0.000000">
    <testcase name="test_company_withdrawal_reduces_cesantias_balance" file="C:\xampp\htdocs\Nomitech_Payroll\tests\Feature\CesantiasServiceTest.php" line="77" class="Tests\Feature\CesantiasServiceTest" classname="Tests.Feature.CesantiasServiceTest" assertions="0" time="0.000000">
      <error type="Illuminate\Database\QueryException">Tests\Feature\CesantiasServiceTest::test_company_withdrawal_reduces_cesantias_balance&#13;
Illuminate\Database\QueryException: SQLSTATE[HY000]: General error: 1 near "IF": syntax error (Connection: sqlite, Database: :memory:, SQL: CREATE TRIGGER tr_contrato_before_update
BEFORE UPDATE ON contrato
FOR EACH ROW
BEGIN
    -- Cambio de EPS
    IF NOT (OLD.id_eps &lt;=&gt; NEW.id_eps) THEN
        INSERT INTO historial_contrato (
            id_contrato, dato_anterior, dato_nuevo, tipo_novedad, fecha_cambio
        ) VALUES (
            OLD.id_contrato,
            CAST(OLD.id_eps AS CHAR),
            CAST(NEW.id_eps AS CHAR),
            'EPS',
            NOW()
        );
    END IF;

    -- Cambio de AFP
    IF NOT (OLD.id_afp &lt;=&gt; NEW.id_afp) THEN
        INSERT INTO historial_contrato (
            id_contrato, dato_anterior, dato_nuevo, tipo_novedad, fecha_cambio
        ) VALUES (
            OLD.id_contrato,
            CAST(OLD.id_afp AS CHAR),
            CAST(NEW.id_afp AS CHAR),
            'AFP',
            NOW()
        );
    END IF;

    -- Cambio de SALARIO
    IF NOT (OLD.salario_base &lt;=&gt; NEW.salario_base) THEN
        INSERT INTO historial_contrato (
            id_contrato, dato_anterior, dato_nuevo, tipo_novedad, fecha_cambio
        ) VALUES (
            OLD.id_contrato,
            CAST(OLD.salario_base AS CHAR),
            CAST(NEW.salario_base AS CHAR),
            'SALARIO',
            NOW()
        );
    END IF;
END)
&#13;
C:\xampp\htdocs\Nomitech_Payroll\vendor\laravel\framework\src\Illuminate\Database\Connection.php:838
C:\xampp\htdocs\Nomitech_Payroll\vendor\laravel\framework\src\Illuminate\Database\Connection.php:794
C:\xampp\htdocs\Nomitech_Payroll\vendor\laravel\framework\src\Illuminate\Database\Connection.php:627
C:\xampp\htdocs\Nomitech_Payroll\vendor\laravel\framework\src\Illuminate\Database\DatabaseManager.php:491
C:\xampp\htdocs\Nomitech_Payroll\vendor\laravel\framework\src\Illuminate\Support\Facades\Facade.php:363
C:\xampp\htdocs\Nomitech_Payroll\database\migrations\2026_03_09_000100_create_contrato_before_update_trigger.php:13
C:\xampp\htdocs\Nomitech_Payroll\vendor\laravel\framework\src\Illuminate\Database\Migrations\Migrator.php:517
C:\xampp\htdocs\Nomitech_Payroll\vendor\laravel\framework\src\Illuminate\Database\Migrations\Migrator.php:442
C:\xampp\htdocs\Nomitech_Payroll\vendor\laravel\framework\src\Illuminate\Database\Migrations\Migrator.php:451
C:\xampp\htdocs\Nomitech_Payroll\vendor\laravel\framework\src\Illuminate\Database\Migrations\Migrator.php:253
C:\xampp\htdocs\Nomitech_Payroll\vendor\laravel\framework\src\Illuminate\Console\View\Components\Task.php:41
C:\xampp\htdocs\Nomitech_Payroll\vendor\laravel\framework\src\Illuminate\Database\Migrations\Migrator.php:814
C:\xampp\htdocs\Nomitech_Payroll\vendor\laravel\framework\src\Illuminate\Database\Migrations\Migrator.php:253
C:\xampp\htdocs\Nomitech_Payroll\vendor\laravel\framework\src\Illuminate\Database\Migrations\Migrator.php:211
C:\xampp\htdocs\Nomitech_Payroll\vendor\laravel\framework\src\Illuminate\Database\Migrations\Migrator.php:138
C:\xampp\htdocs\Nomitech_Payroll\vendor\laravel\framework\src\Illuminate\Database\Console\Migrations\MigrateCommand.php:116
C:\xampp\htdocs\Nomitech_Payroll\vendor\laravel\framework\src\Illuminate\Database\Migrations\Migrator.php:671
C:\xampp\htdocs\Nomitech_Payroll\vendor\laravel\framework\src\Illuminate\Database\Console\Migrations\MigrateCommand.php:109
C:\xampp\htdocs\Nomitech_Payroll\vendor\laravel\framework\src\Illuminate\Database\Console\Migrations\MigrateCommand.php:88
C:\xampp\htdocs\Nomitech_Payroll\vendor\laravel\framework\src\Illuminate\Container\BoundMethod.php:36
C:\xampp\htdocs\Nomitech_Payroll\vendor\laravel\framework\src\Illuminate\Container\Util.php:43
C:\xampp\htdocs\Nomitech_Payroll\vendor\laravel\framework\src\Illuminate\Container\BoundMethod.php:96
C:\xampp\htdocs\Nomitech_Payroll\vendor\laravel\framework\src\Illuminate\Container\BoundMethod.php:35
C:\xampp\htdocs\Nomitech_Payroll\vendor\laravel\framework\src\Illuminate\Container\Container.php:799
C:\xampp\htdocs\Nomitech_Payroll\vendor\laravel\framework\src\Illuminate\Console\Command.php:211
C:\xampp\htdocs\Nomitech_Payroll\vendor\symfony\console\Command\Command.php:341
C:\xampp\htdocs\Nomitech_Payroll\vendor\laravel\framework\src\Illuminate\Console\Command.php:180
C:\xampp\htdocs\Nomitech_Payroll\vendor\laravel\framework\src\Illuminate\Console\Concerns\CallsCommands.php:68
C:\xampp\htdocs\Nomitech_Payroll\vendor\laravel\framework\src\Illuminate\Console\Concerns\CallsCommands.php:29
C:\xampp\htdocs\Nomitech_Payroll\vendor\laravel\framework\src\Illuminate\Database\Console\Migrations\FreshCommand.php:81
C:\xampp\htdocs\Nomitech_Payroll\vendor\laravel\framework\src\Illuminate\Container\BoundMethod.php:36
C:\xampp\htdocs\Nomitech_Payroll\vendor\laravel\framework\src\Illuminate\Container\Util.php:43
C:\xampp\htdocs\Nomitech_Payroll\vendor\laravel\framework\src\Illuminate\Container\BoundMethod.php:96
C:\xampp\htdocs\Nomitech_Payroll\vendor\laravel\framework\src\Illuminate\Container\BoundMethod.php:35
C:\xampp\htdocs\Nomitech_Payroll\vendor\laravel\framework\src\Illuminate\Container\Container.php:799
C:\xampp\htdocs\Nomitech_Payroll\vendor\laravel\framework\src\Illuminate\Console\Command.php:211
C:\xampp\htdocs\Nomitech_Payroll\vendor\symfony\console\Command\Command.php:341
C:\xampp\htdocs\Nomitech_Payroll\vendor\laravel\framework\src\Illuminate\Console\Command.php:180
C:\xampp\htdocs\Nomitech_Payroll\vendor\symfony\console\Application.php:1079
C:\xampp\htdocs\Nomitech_Payroll\vendor\symfony\console\Application.php:356
C:\xampp\htdocs\Nomitech_Payroll\vendor\symfony\console\Application.php:195
C:\xampp\htdocs\Nomitech_Payroll\vendor\laravel\framework\src\Illuminate\Console\Application.php:165
C:\xampp\htdocs\Nomitech_Payroll\vendor\laravel\framework\src\Illuminate\Foundation\Console\Kernel.php:447
C:\xampp\htdocs\Nomitech_Payroll\vendor\laravel\framework\src\Illuminate\Testing\PendingCommand.php:451
C:\xampp\htdocs\Nomitech_Payroll\vendor\laravel\framework\src\Illuminate\Testing\PendingCommand.php:675
C:\xampp\htdocs\Nomitech_Payroll\vendor\laravel\framework\src\Illuminate\Foundation\Testing\Concerns\InteractsWithConsole.php:87
C:\xampp\htdocs\Nomitech_Payroll\vendor\laravel\framework\src\Illuminate\Foundation\Testing\RefreshDatabase.php:119
C:\xampp\htdocs\Nomitech_Payroll\vendor\laravel\framework\src\Illuminate\Foundation\Testing\RefreshDatabase.php:84
C:\xampp\htdocs\Nomitech_Payroll\vendor\laravel\framework\src\Illuminate\Foundation\Testing\RefreshDatabase.php:25
C:\xampp\htdocs\Nomitech_Payroll\vendor\laravel\framework\src\Illuminate\Foundation\Testing\Concerns\InteractsWithTestCaseLifecycle.php:217
C:\xampp\htdocs\Nomitech_Payroll\vendor\laravel\framework\src\Illuminate\Foundation\Testing\Concerns\InteractsWithTestCaseLifecycle.php:101
C:\xampp\htdocs\Nomitech_Payroll\vendor\laravel\framework\src\Illuminate\Foundation\Testing\TestCase.php:63
C:\xampp\htdocs\Nomitech_Payroll\tests\Feature\CesantiasServiceTest.php:24</error>
    </testcase>
    <testcase name="test_withdrawal_exceeding_balance_throws_exception" file="C:\xampp\htdocs\Nomitech_Payroll\tests\Feature\CesantiasServiceTest.php" line="112" class="Tests\Feature\CesantiasServiceTest" classname="Tests.Feature.CesantiasServiceTest" assertions="0" time="0.000000">
      <error type="Illuminate\Database\QueryException">Tests\Feature\CesantiasServiceTest::test_withdrawal_exceeding_balance_throws_exception&#13;
Illuminate\Database\QueryException: SQLSTATE[HY000]: General error: 1 near "IF": syntax error (Connection: sqlite, Database: :memory:, SQL: CREATE TRIGGER tr_contrato_before_update
BEFORE UPDATE ON contrato
FOR EACH ROW
BEGIN
    -- Cambio de EPS
    IF NOT (OLD.id_eps &lt;=&gt; NEW.id_eps) THEN
        INSERT INTO historial_contrato (
            id_contrato, dato_anterior, dato_nuevo, tipo_novedad, fecha_cambio
        ) VALUES (
            OLD.id_contrato,
            CAST(OLD.id_eps AS CHAR),
            CAST(NEW.id_eps AS CHAR),
            'EPS',
            NOW()
        );
    END IF;

    -- Cambio de AFP
    IF NOT (OLD.id_afp &lt;=&gt; NEW.id_afp) THEN
        INSERT INTO historial_contrato (
            id_contrato, dato_anterior, dato_nuevo, tipo_novedad, fecha_cambio
        ) VALUES (
            OLD.id_contrato,
            CAST(OLD.id_afp AS CHAR),
            CAST(NEW.id_afp AS CHAR),
            'AFP',
            NOW()
        );
    END IF;

    -- Cambio de SALARIO
    IF NOT (OLD.salario_base &lt;=&gt; NEW.salario_base) THEN
        INSERT INTO historial_contrato (
            id_contrato, dato_anterior, dato_nuevo, tipo_novedad, fecha_cambio
        ) VALUES (
            OLD.id_contrato,
            CAST(OLD.salario_base AS CHAR),
            CAST(NEW.salario_base AS CHAR),
            'SALARIO',
            NOW()
        );
    END IF;
END)
&#13;
C:\xampp\htdocs\Nomitech_Payroll\vendor\laravel\framework\src\Illuminate\Database\Connection.php:838
C:\xampp\htdocs\Nomitech_Payroll\vendor\laravel\framework\src\Illuminate\Database\Connection.php:794
C:\xampp\htdocs\Nomitech_Payroll\vendor\laravel\framework\src\Illuminate\Database\Connection.php:627
C:\xampp\htdocs\Nomitech_Payroll\vendor\laravel\framework\src\Illuminate\Database\DatabaseManager.php:491
C:\xampp\htdocs\Nomitech_Payroll\vendor\laravel\framework\src\Illuminate\Support\Facades\Facade.php:363
C:\xampp\htdocs\Nomitech_Payroll\database\migrations\2026_03_09_000100_create_contrato_before_update_trigger.php:13
C:\xampp\htdocs\Nomitech_Payroll\vendor\laravel\framework\src\Illuminate\Database\Migrations\Migrator.php:517
C:\xampp\htdocs\Nomitech_Payroll\vendor\laravel\framework\src\Illuminate\Database\Migrations\Migrator.php:442
C:\xampp\htdocs\Nomitech_Payroll\vendor\laravel\framework\src\Illuminate\Database\Migrations\Migrator.php:451
C:\xampp\htdocs\Nomitech_Payroll\vendor\laravel\framework\src\Illuminate\Database\Migrations\Migrator.php:253
C:\xampp\htdocs\Nomitech_Payroll\vendor\laravel\framework\src\Illuminate\Console\View\Components\Task.php:41
C:\xampp\htdocs\Nomitech_Payroll\vendor\laravel\framework\src\Illuminate\Database\Migrations\Migrator.php:814
C:\xampp\htdocs\Nomitech_Payroll\vendor\laravel\framework\src\Illuminate\Database\Migrations\Migrator.php:253
C:\xampp\htdocs\Nomitech_Payroll\vendor\laravel\framework\src\Illuminate\Database\Migrations\Migrator.php:211
C:\xampp\htdocs\Nomitech_Payroll\vendor\laravel\framework\src\Illuminate\Database\Migrations\Migrator.php:138
C:\xampp\htdocs\Nomitech_Payroll\vendor\laravel\framework\src\Illuminate\Database\Console\Migrations\MigrateCommand.php:116
C:\xampp\htdocs\Nomitech_Payroll\vendor\laravel\framework\src\Illuminate\Database\Migrations\Migrator.php:671
C:\xampp\htdocs\Nomitech_Payroll\vendor\laravel\framework\src\Illuminate\Database\Console\Migrations\MigrateCommand.php:109
C:\xampp\htdocs\Nomitech_Payroll\vendor\laravel\framework\src\Illuminate\Database\Console\Migrations\MigrateCommand.php:88
C:\xampp\htdocs\Nomitech_Payroll\vendor\laravel\framework\src\Illuminate\Container\BoundMethod.php:36
C:\xampp\htdocs\Nomitech_Payroll\vendor\laravel\framework\src\Illuminate\Container\Util.php:43
C:\xampp\htdocs\Nomitech_Payroll\vendor\laravel\framework\src\Illuminate\Container\BoundMethod.php:96
C:\xampp\htdocs\Nomitech_Payroll\vendor\laravel\framework\src\Illuminate\Container\BoundMethod.php:35
C:\xampp\htdocs\Nomitech_Payroll\vendor\laravel\framework\src\Illuminate\Container\Container.php:799
C:\xampp\htdocs\Nomitech_Payroll\vendor\laravel\framework\src\Illuminate\Console\Command.php:211
C:\xampp\htdocs\Nomitech_Payroll\vendor\symfony\console\Command\Command.php:341
C:\xampp\htdocs\Nomitech_Payroll\vendor\laravel\framework\src\Illuminate\Console\Command.php:180
C:\xampp\htdocs\Nomitech_Payroll\vendor\laravel\framework\src\Illuminate\Console\Concerns\CallsCommands.php:68
C:\xampp\htdocs\Nomitech_Payroll\vendor\laravel\framework\src\Illuminate\Console\Concerns\CallsCommands.php:29
C:\xampp\htdocs\Nomitech_Payroll\vendor\laravel\framework\src\Illuminate\Database\Console\Migrations\FreshCommand.php:81
C:\xampp\htdocs\Nomitech_Payroll\vendor\laravel\framework\src\Illuminate\Container\BoundMethod.php:36
C:\xampp\htdocs\Nomitech_Payroll\vendor\laravel\framework\src\Illuminate\Container\Util.php:43
C:\xampp\htdocs\Nomitech_Payroll\vendor\laravel\framework\src\Illuminate\Container\BoundMethod.php:96
C:\xampp\htdocs\Nomitech_Payroll\vendor\laravel\framework\src\Illuminate\Container\BoundMethod.php:35
C:\xampp\htdocs\Nomitech_Payroll\vendor\laravel\framework\src\Illuminate\Container\Container.php:799
C:\xampp\htdocs\Nomitech_Payroll\vendor\laravel\framework\src\Illuminate\Console\Command.php:211
C:\xampp\htdocs\Nomitech_Payroll\vendor\symfony\console\Command\Command.php:341
C:\xampp\htdocs\Nomitech_Payroll\vendor\laravel\framework\src\Illuminate\Console\Command.php:180
C:\xampp\htdocs\Nomitech_Payroll\vendor\symfony\console\Application.php:1079
C:\xampp\htdocs\Nomitech_Payroll\vendor\symfony\console\Application.php:356
C:\xampp\htdocs\Nomitech_Payroll\vendor\symfony\console\Application.php:195
C:\xampp\htdocs\Nomitech_Payroll\vendor\laravel\framework\src\Illuminate\Console\Application.php:165
C:\xampp\htdocs\Nomitech_Payroll\vendor\laravel\framework\src\Illuminate\Foundation\Console\Kernel.php:447
C:\xampp\htdocs\Nomitech_Payroll\vendor\laravel\framework\src\Illuminate\Testing\PendingCommand.php:451
C:\xampp\htdocs\Nomitech_Payroll\vendor\laravel\framework\src\Illuminate\Testing\PendingCommand.php:675
C:\xampp\htdocs\Nomitech_Payroll\vendor\laravel\framework\src\Illuminate\Foundation\Testing\Concerns\InteractsWithConsole.php:87
C:\xampp\htdocs\Nomitech_Payroll\vendor\laravel\framework\src\Illuminate\Foundation\Testing\RefreshDatabase.php:119
C:\xampp\htdocs\Nomitech_Payroll\vendor\laravel\framework\src\Illuminate\Foundation\Testing\RefreshDatabase.php:84
C:\xampp\htdocs\Nomitech_Payroll\vendor\laravel\framework\src\Illuminate\Foundation\Testing\RefreshDatabase.php:25
C:\xampp\htdocs\Nomitech_Payroll\vendor\laravel\framework\src\Illuminate\Foundation\Testing\Concerns\InteractsWithTestCaseLifecycle.php:217
C:\xampp\htdocs\Nomitech_Payroll\vendor\laravel\framework\src\Illuminate\Foundation\Testing\Concerns\InteractsWithTestCaseLifecycle.php:101
C:\xampp\htdocs\Nomitech_Payroll\vendor\laravel\framework\src\Illuminate\Foundation\Testing\TestCase.php:63
C:\xampp\htdocs\Nomitech_Payroll\tests\Feature\CesantiasServiceTest.php:24</error>
    </testcase>
    <testcase name="test_fund_authorization_generates_certificate_without_balance_change" file="C:\xampp\htdocs\Nomitech_Payroll\tests\Feature\CesantiasServiceTest.php" line="129" class="Tests\Feature\CesantiasServiceTest" classname="Tests.Feature.CesantiasServiceTest" assertions="0" time="0.000000">
      <error type="Illuminate\Database\QueryException">Tests\Feature\CesantiasServiceTest::test_fund_authorization_generates_certificate_without_balance_change&#13;
Illuminate\Database\QueryException: SQLSTATE[HY000]: General error: 1 near "IF": syntax error (Connection: sqlite, Database: :memory:, SQL: CREATE TRIGGER tr_contrato_before_update
BEFORE UPDATE ON contrato
FOR EACH ROW
BEGIN
    -- Cambio de EPS
    IF NOT (OLD.id_eps &lt;=&gt; NEW.id_eps) THEN
        INSERT INTO historial_contrato (
            id_contrato, dato_anterior, dato_nuevo, tipo_novedad, fecha_cambio
        ) VALUES (
            OLD.id_contrato,
            CAST(OLD.id_eps AS CHAR),
            CAST(NEW.id_eps AS CHAR),
            'EPS',
            NOW()
        );
    END IF;

    -- Cambio de AFP
    IF NOT (OLD.id_afp &lt;=&gt; NEW.id_afp) THEN
        INSERT INTO historial_contrato (
            id_contrato, dato_anterior, dato_nuevo, tipo_novedad, fecha_cambio
        ) VALUES (
            OLD.id_contrato,
            CAST(OLD.id_afp AS CHAR),
            CAST(NEW.id_afp AS CHAR),
            'AFP',
            NOW()
        );
    END IF;

    -- Cambio de SALARIO
    IF NOT (OLD.salario_base &lt;=&gt; NEW.salario_base) THEN
        INSERT INTO historial_contrato (
            id_contrato, dato_anterior, dato_nuevo, tipo_novedad, fecha_cambio
        ) VALUES (
            OLD.id_contrato,
            CAST(OLD.salario_base AS CHAR),
            CAST(NEW.salario_base AS CHAR),
            'SALARIO',
            NOW()
        );
    END IF;
END)
&#13;
C:\xampp\htdocs\Nomitech_Payroll\vendor\laravel\framework\src\Illuminate\Database\Connection.php:838
C:\xampp\htdocs\Nomitech_Payroll\vendor\laravel\framework\src\Illuminate\Database\Connection.php:794
C:\xampp\htdocs\Nomitech_Payroll\vendor\laravel\framework\src\Illuminate\Database\Connection.php:627
C:\xampp\htdocs\Nomitech_Payroll\vendor\laravel\framework\src\Illuminate\Database\DatabaseManager.php:491
C:\xampp\htdocs\Nomitech_Payroll\vendor\laravel\framework\src\Illuminate\Support\Facades\Facade.php:363
C:\xampp\htdocs\Nomitech_Payroll\database\migrations\2026_03_09_000100_create_contrato_before_update_trigger.php:13
C:\xampp\htdocs\Nomitech_Payroll\vendor\laravel\framework\src\Illuminate\Database\Migrations\Migrator.php:517
C:\xampp\htdocs\Nomitech_Payroll\vendor\laravel\framework\src\Illuminate\Database\Migrations\Migrator.php:442
C:\xampp\htdocs\Nomitech_Payroll\vendor\laravel\framework\src\Illuminate\Database\Migrations\Migrator.php:451
C:\xampp\htdocs\Nomitech_Payroll\vendor\laravel\framework\src\Illuminate\Database\Migrations\Migrator.php:253
C:\xampp\htdocs\Nomitech_Payroll\vendor\laravel\framework\src\Illuminate\Console\View\Components\Task.php:41
C:\xampp\htdocs\Nomitech_Payroll\vendor\laravel\framework\src\Illuminate\Database\Migrations\Migrator.php:814
C:\xampp\htdocs\Nomitech_Payroll\vendor\laravel\framework\src\Illuminate\Database\Migrations\Migrator.php:253
C:\xampp\htdocs\Nomitech_Payroll\vendor\laravel\framework\src\Illuminate\Database\Migrations\Migrator.php:211
C:\xampp\htdocs\Nomitech_Payroll\vendor\laravel\framework\src\Illuminate\Database\Migrations\Migrator.php:138
C:\xampp\htdocs\Nomitech_Payroll\vendor\laravel\framework\src\Illuminate\Database\Console\Migrations\MigrateCommand.php:116
C:\xampp\htdocs\Nomitech_Payroll\vendor\laravel\framework\src\Illuminate\Database\Migrations\Migrator.php:671
C:\xampp\htdocs\Nomitech_Payroll\vendor\laravel\framework\src\Illuminate\Database\Console\Migrations\MigrateCommand.php:109
C:\xampp\htdocs\Nomitech_Payroll\vendor\laravel\framework\src\Illuminate\Database\Console\Migrations\MigrateCommand.php:88
C:\xampp\htdocs\Nomitech_Payroll\vendor\laravel\framework\src\Illuminate\Container\BoundMethod.php:36
C:\xampp\htdocs\Nomitech_Payroll\vendor\laravel\framework\src\Illuminate\Container\Util.php:43
C:\xampp\htdocs\Nomitech_Payroll\vendor\laravel\framework\src\Illuminate\Container\BoundMethod.php:96
C:\xampp\htdocs\Nomitech_Payroll\vendor\laravel\framework\src\Illuminate\Container\BoundMethod.php:35
C:\xampp\htdocs\Nomitech_Payroll\vendor\laravel\framework\src\Illuminate\Container\Container.php:799
C:\xampp\htdocs\Nomitech_Payroll\vendor\laravel\framework\src\Illuminate\Console\Command.php:211
C:\xampp\htdocs\Nomitech_Payroll\vendor\symfony\console\Command\Command.php:341
C:\xampp\htdocs\Nomitech_Payroll\vendor\laravel\framework\src\Illuminate\Console\Command.php:180
C:\xampp\htdocs\Nomitech_Payroll\vendor\laravel\framework\src\Illuminate\Console\Concerns\CallsCommands.php:68
C:\xampp\htdocs\Nomitech_Payroll\vendor\laravel\framework\src\Illuminate\Console\Concerns\CallsCommands.php:29
C:\xampp\htdocs\Nomitech_Payroll\vendor\laravel\framework\src\Illuminate\Database\Console\Migrations\FreshCommand.php:81
C:\xampp\htdocs\Nomitech_Payroll\vendor\laravel\framework\src\Illuminate\Container\BoundMethod.php:36
C:\xampp\htdocs\Nomitech_Payroll\vendor\laravel\framework\src\Illuminate\Container\Util.php:43
C:\xampp\htdocs\Nomitech_Payroll\vendor\laravel\framework\src\Illuminate\Container\BoundMethod.php:96
C:\xampp\htdocs\Nomitech_Payroll\vendor\laravel\framework\src\Illuminate\Container\BoundMethod.php:35
C:\xampp\htdocs\Nomitech_Payroll\vendor\laravel\framework\src\Illuminate\Container\Container.php:799
C:\xampp\htdocs\Nomitech_Payroll\vendor\laravel\framework\src\Illuminate\Console\Command.php:211
C:\xampp\htdocs\Nomitech_Payroll\vendor\symfony\console\Command\Command.php:341
C:\xampp\htdocs\Nomitech_Payroll\vendor\laravel\framework\src\Illuminate\Console\Command.php:180
C:\xampp\htdocs\Nomitech_Payroll\vendor\symfony\console\Application.php:1079
C:\xampp\htdocs\Nomitech_Payroll\vendor\symfony\console\Application.php:356
C:\xampp\htdocs\Nomitech_Payroll\vendor\symfony\console\Application.php:195
C:\xampp\htdocs\Nomitech_Payroll\vendor\laravel\framework\src\Illuminate\Console\Application.php:165
C:\xampp\htdocs\Nomitech_Payroll\vendor\laravel\framework\src\Illuminate\Foundation\Console\Kernel.php:447
C:\xampp\htdocs\Nomitech_Payroll\vendor\laravel\framework\src\Illuminate\Testing\PendingCommand.php:451
C:\xampp\htdocs\Nomitech_Payroll\vendor\laravel\framework\src\Illuminate\Testing\PendingCommand.php:675
C:\xampp\htdocs\Nomitech_Payroll\vendor\laravel\framework\src\Illuminate\Foundation\Testing\Concerns\InteractsWithConsole.php:87
C:\xampp\htdocs\Nomitech_Payroll\vendor\laravel\framework\src\Illuminate\Foundation\Testing\RefreshDatabase.php:119
C:\xampp\htdocs\Nomitech_Payroll\vendor\laravel\framework\src\Illuminate\Foundation\Testing\RefreshDatabase.php:84
C:\xampp\htdocs\Nomitech_Payroll\vendor\laravel\framework\src\Illuminate\Foundation\Testing\RefreshDatabase.php:25
C:\xampp\htdocs\Nomitech_Payroll\vendor\laravel\framework\src\Illuminate\Foundation\Testing\Concerns\InteractsWithTestCaseLifecycle.php:217
C:\xampp\htdocs\Nomitech_Payroll\vendor\laravel\framework\src\Illuminate\Foundation\Testing\Concerns\InteractsWithTestCaseLifecycle.php:101
C:\xampp\htdocs\Nomitech_Payroll\vendor\laravel\framework\src\Illuminate\Foundation\Testing\TestCase.php:63
C:\xampp\htdocs\Nomitech_Payroll\tests\Feature\CesantiasServiceTest.php:24</error>
    </testcase>
    <testcase name="test_annual_deposit_creates_ledger_payments" file="C:\xampp\htdocs\Nomitech_Payroll\tests\Feature\CesantiasServiceTest.php" line="164" class="Tests\Feature\CesantiasServiceTest" classname="Tests.Feature.CesantiasServiceTest" assertions="0" time="0.000000">
      <error type="Illuminate\Database\QueryException">Tests\Feature\CesantiasServiceTest::test_annual_deposit_creates_ledger_payments&#13;
Illuminate\Database\QueryException: SQLSTATE[HY000]: General error: 1 near "IF": syntax error (Connection: sqlite, Database: :memory:, SQL: CREATE TRIGGER tr_contrato_before_update
BEFORE UPDATE ON contrato
FOR EACH ROW
BEGIN
    -- Cambio de EPS
    IF NOT (OLD.id_eps &lt;=&gt; NEW.id_eps) THEN
        INSERT INTO historial_contrato (
            id_contrato, dato_anterior, dato_nuevo, tipo_novedad, fecha_cambio
        ) VALUES (
            OLD.id_contrato,
            CAST(OLD.id_eps AS CHAR),
            CAST(NEW.id_eps AS CHAR),
            'EPS',
            NOW()
        );
    END IF;

    -- Cambio de AFP
    IF NOT (OLD.id_afp &lt;=&gt; NEW.id_afp) THEN
        INSERT INTO historial_contrato (
            id_contrato, dato_anterior, dato_nuevo, tipo_novedad, fecha_cambio
        ) VALUES (
            OLD.id_contrato,
            CAST(OLD.id_afp AS CHAR),
            CAST(NEW.id_afp AS CHAR),
            'AFP',
            NOW()
        );
    END IF;

    -- Cambio de SALARIO
    IF NOT (OLD.salario_base &lt;=&gt; NEW.salario_base) THEN
        INSERT INTO historial_contrato (
            id_contrato, dato_anterior, dato_nuevo, tipo_novedad, fecha_cambio
        ) VALUES (
            OLD.id_contrato,
            CAST(OLD.salario_base AS CHAR),
            CAST(NEW.salario_base AS CHAR),
            'SALARIO',
            NOW()
        );
    END IF;
END)
&#13;
C:\xampp\htdocs\Nomitech_Payroll\vendor\laravel\framework\src\Illuminate\Database\Connection.php:838
C:\xampp\htdocs\Nomitech_Payroll\vendor\laravel\framework\src\Illuminate\Database\Connection.php:794
C:\xampp\htdocs\Nomitech_Payroll\vendor\laravel\framework\src\Illuminate\Database\Connection.php:627
C:\xampp\htdocs\Nomitech_Payroll\vendor\laravel\framework\src\Illuminate\Database\DatabaseManager.php:491
C:\xampp\htdocs\Nomitech_Payroll\vendor\laravel\framework\src\Illuminate\Support\Facades\Facade.php:363
C:\xampp\htdocs\Nomitech_Payroll\database\migrations\2026_03_09_000100_create_contrato_before_update_trigger.php:13
C:\xampp\htdocs\Nomitech_Payroll\vendor\laravel\framework\src\Illuminate\Database\Migrations\Migrator.php:517
C:\xampp\htdocs\Nomitech_Payroll\vendor\laravel\framework\src\Illuminate\Database\Migrations\Migrator.php:442
C:\xampp\htdocs\Nomitech_Payroll\vendor\laravel\framework\src\Illuminate\Database\Migrations\Migrator.php:451
C:\xampp\htdocs\Nomitech_Payroll\vendor\laravel\framework\src\Illuminate\Database\Migrations\Migrator.php:253
C:\xampp\htdocs\Nomitech_Payroll\vendor\laravel\framework\src\Illuminate\Console\View\Components\Task.php:41
C:\xampp\htdocs\Nomitech_Payroll\vendor\laravel\framework\src\Illuminate\Database\Migrations\Migrator.php:814
C:\xampp\htdocs\Nomitech_Payroll\vendor\laravel\framework\src\Illuminate\Database\Migrations\Migrator.php:253
C:\xampp\htdocs\Nomitech_Payroll\vendor\laravel\framework\src\Illuminate\Database\Migrations\Migrator.php:211
C:\xampp\htdocs\Nomitech_Payroll\vendor\laravel\framework\src\Illuminate\Database\Migrations\Migrator.php:138
C:\xampp\htdocs\Nomitech_Payroll\vendor\laravel\framework\src\Illuminate\Database\Console\Migrations\MigrateCommand.php:116
C:\xampp\htdocs\Nomitech_Payroll\vendor\laravel\framework\src\Illuminate\Database\Migrations\Migrator.php:671
C:\xampp\htdocs\Nomitech_Payroll\vendor\laravel\framework\src\Illuminate\Database\Console\Migrations\MigrateCommand.php:109
C:\xampp\htdocs\Nomitech_Payroll\vendor\laravel\framework\src\Illuminate\Database\Console\Migrations\MigrateCommand.php:88
C:\xampp\htdocs\Nomitech_Payroll\vendor\laravel\framework\src\Illuminate\Container\BoundMethod.php:36
C:\xampp\htdocs\Nomitech_Payroll\vendor\laravel\framework\src\Illuminate\Container\Util.php:43
C:\xampp\htdocs\Nomitech_Payroll\vendor\laravel\framework\src\Illuminate\Container\BoundMethod.php:96
C:\xampp\htdocs\Nomitech_Payroll\vendor\laravel\framework\src\Illuminate\Container\BoundMethod.php:35
C:\xampp\htdocs\Nomitech_Payroll\vendor\laravel\framework\src\Illuminate\Container\Container.php:799
C:\xampp\htdocs\Nomitech_Payroll\vendor\laravel\framework\src\Illuminate\Console\Command.php:211
C:\xampp\htdocs\Nomitech_Payroll\vendor\symfony\console\Command\Command.php:341
C:\xampp\htdocs\Nomitech_Payroll\vendor\laravel\framework\src\Illuminate\Console\Command.php:180
C:\xampp\htdocs\Nomitech_Payroll\vendor\laravel\framework\src\Illuminate\Console\Concerns\CallsCommands.php:68
C:\xampp\htdocs\Nomitech_Payroll\vendor\laravel\framework\src\Illuminate\Console\Concerns\CallsCommands.php:29
C:\xampp\htdocs\Nomitech_Payroll\vendor\laravel\framework\src\Illuminate\Database\Console\Migrations\FreshCommand.php:81
C:\xampp\htdocs\Nomitech_Payroll\vendor\laravel\framework\src\Illuminate\Container\BoundMethod.php:36
C:\xampp\htdocs\Nomitech_Payroll\vendor\laravel\framework\src\Illuminate\Container\Util.php:43
C:\xampp\htdocs\Nomitech_Payroll\vendor\laravel\framework\src\Illuminate\Container\BoundMethod.php:96
C:\xampp\htdocs\Nomitech_Payroll\vendor\laravel\framework\src\Illuminate\Container\BoundMethod.php:35
C:\xampp\htdocs\Nomitech_Payroll\vendor\laravel\framework\src\Illuminate\Container\Container.php:799
C:\xampp\htdocs\Nomitech_Payroll\vendor\laravel\framework\src\Illuminate\Console\Command.php:211
C:\xampp\htdocs\Nomitech_Payroll\vendor\symfony\console\Command\Command.php:341
C:\xampp\htdocs\Nomitech_Payroll\vendor\laravel\framework\src\Illuminate\Console\Command.php:180
C:\xampp\htdocs\Nomitech_Payroll\vendor\symfony\console\Application.php:1079
C:\xampp\htdocs\Nomitech_Payroll\vendor\symfony\console\Application.php:356
C:\xampp\htdocs\Nomitech_Payroll\vendor\symfony\console\Application.php:195
C:\xampp\htdocs\Nomitech_Payroll\vendor\laravel\framework\src\Illuminate\Console\Application.php:165
C:\xampp\htdocs\Nomitech_Payroll\vendor\laravel\framework\src\Illuminate\Foundation\Console\Kernel.php:447
C:\xampp\htdocs\Nomitech_Payroll\vendor\laravel\framework\src\Illuminate\Testing\PendingCommand.php:451
C:\xampp\htdocs\Nomitech_Payroll\vendor\laravel\framework\src\Illuminate\Testing\PendingCommand.php:675
C:\xampp\htdocs\Nomitech_Payroll\vendor\laravel\framework\src\Illuminate\Foundation\Testing\Concerns\InteractsWithConsole.php:87
C:\xampp\htdocs\Nomitech_Payroll\vendor\laravel\framework\src\Illuminate\Foundation\Testing\RefreshDatabase.php:119
C:\xampp\htdocs\Nomitech_Payroll\vendor\laravel\framework\src\Illuminate\Foundation\Testing\RefreshDatabase.php:84
C:\xampp\htdocs\Nomitech_Payroll\vendor\laravel\framework\src\Illuminate\Foundation\Testing\RefreshDatabase.php:25
C:\xampp\htdocs\Nomitech_Payroll\vendor\laravel\framework\src\Illuminate\Foundation\Testing\Concerns\InteractsWithTestCaseLifecycle.php:217
C:\xampp\htdocs\Nomitech_Payroll\vendor\laravel\framework\src\Illuminate\Foundation\Testing\Concerns\InteractsWithTestCaseLifecycle.php:101
C:\xampp\htdocs\Nomitech_Payroll\vendor\laravel\framework\src\Illuminate\Foundation\Testing\TestCase.php:63
C:\xampp\htdocs\Nomitech_Payroll\tests\Feature\CesantiasServiceTest.php:24</error>
    </testcase>
    <testcase name="test_ledger_entries_are_never_deleted" file="C:\xampp\htdocs\Nomitech_Payroll\tests\Feature\CesantiasServiceTest.php" line="195" class="Tests\Feature\CesantiasServiceTest" classname="Tests.Feature.CesantiasServiceTest" assertions="0" time="0.000000">
      <error type="Illuminate\Database\QueryException">Tests\Feature\CesantiasServiceTest::test_ledger_entries_are_never_deleted&#13;
Illuminate\Database\QueryException: SQLSTATE[HY000]: General error: 1 near "IF": syntax error (Connection: sqlite, Database: :memory:, SQL: CREATE TRIGGER tr_contrato_before_update
BEFORE UPDATE ON contrato
FOR EACH ROW
BEGIN
    -- Cambio de EPS
    IF NOT (OLD.id_eps &lt;=&gt; NEW.id_eps) THEN
        INSERT INTO historial_contrato (
            id_contrato, dato_anterior, dato_nuevo, tipo_novedad, fecha_cambio
        ) VALUES (
            OLD.id_contrato,
            CAST(OLD.id_eps AS CHAR),
            CAST(NEW.id_eps AS CHAR),
            'EPS',
            NOW()
        );
    END IF;

    -- Cambio de AFP
    IF NOT (OLD.id_afp &lt;=&gt; NEW.id_afp) THEN
        INSERT INTO historial_contrato (
            id_contrato, dato_anterior, dato_nuevo, tipo_novedad, fecha_cambio
        ) VALUES (
            OLD.id_contrato,
            CAST(OLD.id_afp AS CHAR),
            CAST(NEW.id_afp AS CHAR),
            'AFP',
            NOW()
        );
    END IF;

    -- Cambio de SALARIO
    IF NOT (OLD.salario_base &lt;=&gt; NEW.salario_base) THEN
        INSERT INTO historial_contrato (
            id_contrato, dato_anterior, dato_nuevo, tipo_novedad, fecha_cambio
        ) VALUES (
            OLD.id_contrato,
            CAST(OLD.salario_base AS CHAR),
            CAST(NEW.salario_base AS CHAR),
            'SALARIO',
            NOW()
        );
    END IF;
END)
&#13;
C:\xampp\htdocs\Nomitech_Payroll\vendor\laravel\framework\src\Illuminate\Database\Connection.php:838
C:\xampp\htdocs\Nomitech_Payroll\vendor\laravel\framework\src\Illuminate\Database\Connection.php:794
C:\xampp\htdocs\Nomitech_Payroll\vendor\laravel\framework\src\Illuminate\Database\Connection.php:627
C:\xampp\htdocs\Nomitech_Payroll\vendor\laravel\framework\src\Illuminate\Database\DatabaseManager.php:491
C:\xampp\htdocs\Nomitech_Payroll\vendor\laravel\framework\src\Illuminate\Support\Facades\Facade.php:363
C:\xampp\htdocs\Nomitech_Payroll\database\migrations\2026_03_09_000100_create_contrato_before_update_trigger.php:13
C:\xampp\htdocs\Nomitech_Payroll\vendor\laravel\framework\src\Illuminate\Database\Migrations\Migrator.php:517
C:\xampp\htdocs\Nomitech_Payroll\vendor\laravel\framework\src\Illuminate\Database\Migrations\Migrator.php:442
C:\xampp\htdocs\Nomitech_Payroll\vendor\laravel\framework\src\Illuminate\Database\Migrations\Migrator.php:451
C:\xampp\htdocs\Nomitech_Payroll\vendor\laravel\framework\src\Illuminate\Database\Migrations\Migrator.php:253
C:\xampp\htdocs\Nomitech_Payroll\vendor\laravel\framework\src\Illuminate\Console\View\Components\Task.php:41
C:\xampp\htdocs\Nomitech_Payroll\vendor\laravel\framework\src\Illuminate\Database\Migrations\Migrator.php:814
C:\xampp\htdocs\Nomitech_Payroll\vendor\laravel\framework\src\Illuminate\Database\Migrations\Migrator.php:253
C:\xampp\htdocs\Nomitech_Payroll\vendor\laravel\framework\src\Illuminate\Database\Migrations\Migrator.php:211
C:\xampp\htdocs\Nomitech_Payroll\vendor\laravel\framework\src\Illuminate\Database\Migrations\Migrator.php:138
C:\xampp\htdocs\Nomitech_Payroll\vendor\laravel\framework\src\Illuminate\Database\Console\Migrations\MigrateCommand.php:116
C:\xampp\htdocs\Nomitech_Payroll\vendor\laravel\framework\src\Illuminate\Database\Migrations\Migrator.php:671
C:\xampp\htdocs\Nomitech_Payroll\vendor\laravel\framework\src\Illuminate\Database\Console\Migrations\MigrateCommand.php:109
C:\xampp\htdocs\Nomitech_Payroll\vendor\laravel\framework\src\Illuminate\Database\Console\Migrations\MigrateCommand.php:88
C:\xampp\htdocs\Nomitech_Payroll\vendor\laravel\framework\src\Illuminate\Container\BoundMethod.php:36
C:\xampp\htdocs\Nomitech_Payroll\vendor\laravel\framework\src\Illuminate\Container\Util.php:43
C:\xampp\htdocs\Nomitech_Payroll\vendor\laravel\framework\src\Illuminate\Container\BoundMethod.php:96
C:\xampp\htdocs\Nomitech_Payroll\vendor\laravel\framework\src\Illuminate\Container\BoundMethod.php:35
C:\xampp\htdocs\Nomitech_Payroll\vendor\laravel\framework\src\Illuminate\Container\Container.php:799
C:\xampp\htdocs\Nomitech_Payroll\vendor\laravel\framework\src\Illuminate\Console\Command.php:211
C:\xampp\htdocs\Nomitech_Payroll\vendor\symfony\console\Command\Command.php:341
C:\xampp\htdocs\Nomitech_Payroll\vendor\laravel\framework\src\Illuminate\Console\Command.php:180
C:\xampp\htdocs\Nomitech_Payroll\vendor\laravel\framework\src\Illuminate\Console\Concerns\CallsCommands.php:68
C:\xampp\htdocs\Nomitech_Payroll\vendor\laravel\framework\src\Illuminate\Console\Concerns\CallsCommands.php:29
C:\xampp\htdocs\Nomitech_Payroll\vendor\laravel\framework\src\Illuminate\Database\Console\Migrations\FreshCommand.php:81
C:\xampp\htdocs\Nomitech_Payroll\vendor\laravel\framework\src\Illuminate\Container\BoundMethod.php:36
C:\xampp\htdocs\Nomitech_Payroll\vendor\laravel\framework\src\Illuminate\Container\Util.php:43
C:\xampp\htdocs\Nomitech_Payroll\vendor\laravel\framework\src\Illuminate\Container\BoundMethod.php:96
C:\xampp\htdocs\Nomitech_Payroll\vendor\laravel\framework\src\Illuminate\Container\BoundMethod.php:35
C:\xampp\htdocs\Nomitech_Payroll\vendor\laravel\framework\src\Illuminate\Container\Container.php:799
C:\xampp\htdocs\Nomitech_Payroll\vendor\laravel\framework\src\Illuminate\Console\Command.php:211
C:\xampp\htdocs\Nomitech_Payroll\vendor\symfony\console\Command\Command.php:341
C:\xampp\htdocs\Nomitech_Payroll\vendor\laravel\framework\src\Illuminate\Console\Command.php:180
C:\xampp\htdocs\Nomitech_Payroll\vendor\symfony\console\Application.php:1079
C:\xampp\htdocs\Nomitech_Payroll\vendor\symfony\console\Application.php:356
C:\xampp\htdocs\Nomitech_Payroll\vendor\symfony\console\Application.php:195
C:\xampp\htdocs\Nomitech_Payroll\vendor\laravel\framework\src\Illuminate\Console\Application.php:165
C:\xampp\htdocs\Nomitech_Payroll\vendor\laravel\framework\src\Illuminate\Foundation\Console\Kernel.php:447
C:\xampp\htdocs\Nomitech_Payroll\vendor\laravel\framework\src\Illuminate\Testing\PendingCommand.php:451
C:\xampp\htdocs\Nomitech_Payroll\vendor\laravel\framework\src\Illuminate\Testing\PendingCommand.php:675
C:\xampp\htdocs\Nomitech_Payroll\vendor\laravel\framework\src\Illuminate\Foundation\Testing\Concerns\InteractsWithConsole.php:87
C:\xampp\htdocs\Nomitech_Payroll\vendor\laravel\framework\src\Illuminate\Foundation\Testing\RefreshDatabase.php:119
C:\xampp\htdocs\Nomitech_Payroll\vendor\laravel\framework\src\Illuminate\Foundation\Testing\RefreshDatabase.php:84
C:\xampp\htdocs\Nomitech_Payroll\vendor\laravel\framework\src\Illuminate\Foundation\Testing\RefreshDatabase.php:25
C:\xampp\htdocs\Nomitech_Payroll\vendor\laravel\framework\src\Illuminate\Foundation\Testing\Concerns\InteractsWithTestCaseLifecycle.php:217
C:\xampp\htdocs\Nomitech_Payroll\vendor\laravel\framework\src\Illuminate\Foundation\Testing\Concerns\InteractsWithTestCaseLifecycle.php:101
C:\xampp\htdocs\Nomitech_Payroll\vendor\laravel\framework\src\Illuminate\Foundation\Testing\TestCase.php:63
C:\xampp\htdocs\Nomitech_Payroll\tests\Feature\CesantiasServiceTest.php:24</error>
    </testcase>
  </testsuite>
</testsuites>
